I'm sorry, but errors were detected in your script. Please correct the
errors listed below, and try again.


File "game/script.rpy", line 83: Line is indented, but the preceding show statement statement does not expect a block. Please check this line's indentation.
    ypos 50
    ^

Ren'Py Version: Ren'Py 6.99.5.602
